<?xml version="1.0" encoding="utf-8"?>
<testsuites>
    <testsuite name="pytest" errors="0" failures="0" skipped="0" tests="4" time="1.591" timestamp="2025-01-12T13:26:08.674924+00:00" hostname="codespaces-1ca51b">
        <testcase classname="tests.test_evaluate.TestModelEvaluation" name="test_classification_report" time="0.245" />
        <testcase classname="tests.test_evaluate.TestModelEvaluation" name="test_evaluate_model" time="0.315" />
        <testcase classname="tests.test_train.TestModelTraining" name="test_load_data" time="0.021" />
        <testcase classname="tests.test_train.TestModelTraining" name="test_train_and_save_best_model" time="0.001" />
    </testsuite>
</testsuites>